--------------------------------------------------------------------------------
Release 14.7 Trace  (lin64)
Copyright (c) 1995-2013 Xilinx, Inc.  All rights reserved.

/opt/Xilinx/14.7/ISE_DS/ISE/bin/lin64/unwrapped/trce -intstyle ise -v 3 -s 2 -n
3 -fastpaths -xml Perger.twx Perger.ncd -o Perger.twr Perger.pcf

Design file:              Perger.ncd
Physical constraint file: Perger.pcf
Device,package,speed:     xc6slx9,tqg144,C,-2 (PRODUCTION 1.23 2013-10-13)
Report level:             verbose report

Environment Variable      Effect 
--------------------      ------ 
NONE                      No environment variables were set
--------------------------------------------------------------------------------

INFO:Timing:2698 - No timing constraints found, doing default enumeration.
INFO:Timing:3412 - To improve timing, see the Timing Closure User Guide (UG612).
INFO:Timing:2752 - To get complete path coverage, use the unconstrained paths 
   option. All paths that are not constrained will be reported in the 
   unconstrained paths section(s) of the report.
INFO:Timing:3339 - The clock-to-out numbers in this timing report are based on 
   a 50 Ohm transmission line loading model.  For the details of this model, 
   and for more information on accounting for different loading conditions, 
   please see the device datasheet.



Data Sheet report:
-----------------
All values displayed in nanoseconds (ns)

Setup/Hold to clock clk
------------+------------+------------+------------+------------+------------------+--------+
            |Max Setup to|  Process   |Max Hold to |  Process   |                  | Clock  |
Source      | clk (edge) |   Corner   | clk (edge) |   Corner   |Internal Clock(s) | Phase  |
------------+------------+------------+------------+------------+------------------+--------+
bt_state    |    6.329(R)|      SLOW  |   -1.958(R)|      FAST  |clk_BUFGP         |   0.000|
btn<1>      |    2.304(R)|      SLOW  |   -0.707(R)|      FAST  |clk_BUFGP         |   0.000|
btn<2>      |    2.743(R)|      SLOW  |   -0.973(R)|      FAST  |clk_BUFGP         |   0.000|
btn<3>      |    2.702(R)|      SLOW  |   -0.995(R)|      FAST  |clk_BUFGP         |   0.000|
btn<4>      |    3.389(R)|      SLOW  |   -1.303(R)|      FAST  |clk_BUFGP         |   0.000|
btn<5>      |    1.652(R)|      SLOW  |   -0.367(R)|      SLOW  |clk_BUFGP         |   0.000|
btn<6>      |    1.312(R)|      SLOW  |   -0.042(R)|      SLOW  |clk_BUFGP         |   0.000|
sw<0>       |    2.189(R)|      SLOW  |   -0.687(R)|      FAST  |clk_BUFGP         |   0.000|
------------+------------+------------+------------+------------+------------------+--------+

Clock clk to Pad
------------+-----------------+------------+-----------------+------------+------------------+--------+
            |Max (slowest) clk|  Process   |Min (fastest) clk|  Process   |                  | Clock  |
Destination |  (edge) to PAD  |   Corner   |  (edge) to PAD  |   Corner   |Internal Clock(s) | Phase  |
------------+-----------------+------------+-----------------+------------+------------------+--------+
bt_tx       |        10.545(R)|      SLOW  |         4.576(R)|      FAST  |clk_BUFGP         |   0.000|
lcd_data<0> |         9.434(R)|      SLOW  |         3.890(R)|      FAST  |clk_BUFGP         |   0.000|
lcd_data<1> |         9.459(R)|      SLOW  |         3.954(R)|      FAST  |clk_BUFGP         |   0.000|
lcd_data<2> |         9.583(R)|      SLOW  |         3.993(R)|      FAST  |clk_BUFGP         |   0.000|
lcd_data<3> |         9.507(R)|      SLOW  |         4.007(R)|      FAST  |clk_BUFGP         |   0.000|
lcd_data<4> |         9.476(R)|      SLOW  |         3.912(R)|      FAST  |clk_BUFGP         |   0.000|
lcd_data<5> |         8.964(R)|      SLOW  |         3.636(R)|      FAST  |clk_BUFGP         |   0.000|
lcd_data<6> |         9.225(R)|      SLOW  |         3.795(R)|      FAST  |clk_BUFGP         |   0.000|
lcd_data<7> |         9.035(R)|      SLOW  |         3.688(R)|      FAST  |clk_BUFGP         |   0.000|
lcd_en      |         9.197(R)|      SLOW  |         3.783(R)|      FAST  |clk_BUFGP         |   0.000|
lcd_rs      |         9.653(R)|      SLOW  |         4.150(R)|      FAST  |clk_BUFGP         |   0.000|
led<0>      |         9.243(R)|      SLOW  |         3.733(R)|      FAST  |clk_BUFGP         |   0.000|
mn<0>       |         9.457(R)|      SLOW  |         3.906(R)|      FAST  |clk_BUFGP         |   0.000|
mn<1>       |         9.622(R)|      SLOW  |         3.993(R)|      FAST  |clk_BUFGP         |   0.000|
mn<2>       |         9.439(R)|      SLOW  |         3.889(R)|      FAST  |clk_BUFGP         |   0.000|
mn<3>       |         9.311(R)|      SLOW  |         3.812(R)|      FAST  |clk_BUFGP         |   0.000|
mn<4>       |         9.703(R)|      SLOW  |         4.108(R)|      FAST  |clk_BUFGP         |   0.000|
------------+-----------------+------------+-----------------+------------+------------------+--------+

Clock to Setup on destination clock clk
---------------+---------+---------+---------+---------+
               | Src:Rise| Src:Fall| Src:Rise| Src:Fall|
Source Clock   |Dest:Rise|Dest:Rise|Dest:Fall|Dest:Fall|
---------------+---------+---------+---------+---------+
clk            |    8.299|         |         |         |
---------------+---------+---------+---------+---------+

Pad to Pad
---------------+---------------+---------+
Source Pad     |Destination Pad|  Delay  |
---------------+---------------+---------+
bt_state       |led<7>         |   11.989|
---------------+---------------+---------+


Analysis completed Wed Nov  6 16:54:29 2024 
--------------------------------------------------------------------------------

Trace Settings:
-------------------------
Trace Settings 

Peak Memory Usage: 391 MB



